// Jest Snapshot v1, https://goo.gl/fbAQLP

exports[`Items Items snapshot test 1`] = `null`;
